// Jest Snapshot v1, https://goo.gl/fbAQLP

exports[`Button component スナップショット 全オプション付きボタンのスナップショットが一致する 1`] = `
<button
  class="btn bg-red-600 text-white border-red-600 hover:bg-red-700 hover:border-red-700 btn-lg w-full opacity-75 cursor-not-allowed test-class"
  disabled=""
  type="button"
>
  <svg
    aria-hidden="true"
    class="lucide lucide-loader-circle w-4 h-4 animate-spin"
    fill="none"
    height="24"
    stroke="currentColor"
    stroke-linecap="round"
    stroke-linejoin="round"
    stroke-width="2"
    viewBox="0 0 24 24"
    width="24"
    xmlns="http://www.w3.org/2000/svg"
  >
    <path
      d="M21 12a9 9 0 1 1-6.219-8.56"
    />
  </svg>
  <span
    class="mx-1"
  >
    Full Options
  </span>
</button>
`;

exports[`Button component スナップショット 基本的なボタンのスナップショットが一致する 1`] = `
<button
  class="btn btn-primary"
  type="button"
>
  <span
    class=""
  >
    Snapshot Test
  </span>
</button>
`;
